
Memory Configuration

Name             Origin             Length             Attributes
BRAM             0x00000000         0x00001400         xw
ROM              0x00001400         0x00000200
KEYBUFF          0x00001a00         0x00000100
DATA             0x00001b00         0x00000200
STACK            0x00001d00         0x00000100         w
CODE             0x00001f00         0x00000800         x
*default*        0x00000000         0xffffffff

Linker script and memory map


.text           0x00000000      0xf28
 *(.text)
 .text          0x00000000      0xf28 /media/RAMDisk/monitor.o
                0x00000000                _start

.rodata         0x00001400      0x1ca
                0x00001400                        rom_data = .
 *(.rodata)
 .rodata        0x00001400      0x1ca /media/RAMDisk/monitor.o

.rela.dyn       0x000015cc        0x0
 .rela.text     0x000015cc        0x0 /media/RAMDisk/monitor.o

keybuffer       0x00001a00       0x24
 *(keybuffer)
 keybuffer      0x00001a00       0x24 /media/RAMDisk/monitor.o

.data           0x00001b00      0x110
 *(.data)
 .data          0x00001b00      0x110 /media/RAMDisk/monitor.o

.bss            0x00001c10        0x0
 .bss           0x00001c10        0x0 /media/RAMDisk/monitor.o

stack           0x00001d00      0x100
 *(stack)
 stack          0x00001d00      0x100 /media/RAMDisk/monitor.o
                0x00001e00                        stack_bottom = .

micro_code      0x00001f00      0x800
 *(micro_code)
 micro_code     0x00001f00      0x800 /media/RAMDisk/monitor.o
LOAD /media/RAMDisk/monitor.o
OUTPUT(/media/RAMDisk/monitor elf32-littleriscv)
